I'm sorry, but errors were detected in your script. Please correct the
errors listed below, and try again.


File "game/Scripts/ClassroomChallenge3.rpy", line 103: expected ':' not found.
    label .good2
                ^

Ren'Py Version: Ren'Py 8.0.3.22090809
Wed May 24 22:08:58 2023
